
> majorweave-prototype@0.1.0 check:team
> node scripts/tasks/MW-TEAM-01.mjs && node scripts/tasks/MW-TEAM-02.mjs && node scripts/tasks/MW-TEAM-03.mjs && node scripts/tasks/MW-TEAM-04.mjs && node scripts/tasks/MW-TEAM-05.mjs

--- KIỂM THỬ TASK MW-TEAM-01 (Nguyễn Thị Quỳnh Hân) ---
PASS: Catalog 6 khoa, 12 ngành, 18 hướng hợp lệ.
PASS: Toàn bộ 17 cấu hình track (3 BE, 3 FE, 9 FS, 2 UX) giải quyết thành công với đầy đủ bài tập và tiên quyết.
PASS: Các trường hợp lỗi not_found và missing_stage được kiểm soát an toàn.
PASS resolver missing resource
PASS resolver missing credential
PASS resolver duplicate ID
PASS resolver bad default
PASS resolver missing prerequisite
PASS resolver cycle
PASS resolver reversed order
PASS resolver duplicate stage reference
PASS resolver wrong path
PASS detached resolver, dependency version and nine FE/BE source/credential pairs
PASS integration source/create/complete/reload/independent backend.node
PASS integration source/create/complete/reload/independent backend.python
PASS integration source/create/complete/reload/independent backend.java
PASS integration source/create/complete/reload/independent frontend.react
PASS integration source/create/complete/reload/independent frontend.angular
PASS integration source/create/complete/reload/independent frontend.vue
PASS integration source/create/complete/reload/independent fullstack.react-node
PASS integration source/create/complete/reload/independent fullstack.react-python
PASS integration source/create/complete/reload/independent fullstack.react-java
PASS integration source/create/complete/reload/independent fullstack.angular-node
PASS integration source/create/complete/reload/independent fullstack.angular-python
PASS integration source/create/complete/reload/independent fullstack.angular-java
PASS integration source/create/complete/reload/independent fullstack.vue-node
PASS integration source/create/complete/reload/independent fullstack.vue-python
PASS integration source/create/complete/reload/independent fullstack.vue-java
PASS integration source/create/complete/reload/independent ux.research
PASS integration source/create/complete/reload/independent ux.product
PASS failed save preserves old plan, retry, stale plan and credential persistence
PASS Chung Hieu 1ce77b1: all seven days retained while week is blank; only backlog submit clears day
PASS save fail → shared discard → no retry resurrection → edit other task; history retained
PASS failed save retry once, discard during saving rejected
PASS revision conflict → confirm discard → latest committed revision → new edit

=== MW-TEAM-02 Test Script ===

--- Section 1: isValidDate va isMonday ---
  PASS: 2026-10-05 la ngay hop le
  PASS: 2024-02-30 khong hop le (rollover)
  PASS: 2024-13-01 khong hop le (thang 13)
  PASS: khong dung format khong hop le
  PASS: 2026-10-05 la Thu Hai
  PASS: 2026-10-06 khong phai Thu Hai

--- Section 2: validateDraft ---
  PASS: Draft hop le khong co issue
  PASS: hoursPerWeek = 1 -> INVALID_HOURS_PER_WEEK
  PASS: hoursPerWeek = 21 -> INVALID_HOURS_PER_WEEK
  PASS: hoursPerWeek = 2 hop le
  PASS: hoursPerWeek = 20 hop le
  PASS: startDate khong that -> INVALID_START_DATE
  PASS: startDate la Thu Ba -> START_DATE_NOT_MONDAY
  PASS: selectedStageIds rong -> NO_STAGES_SELECTED
  PASS: ID khong ton tai -> UNKNOWN_STAGE_ID
  PASS: chon B ma khong chon A -> MISSING_PREREQUISITE
  PASS: chon B nhung da biet A -> hop le
  PASS: tat ca da biet -> NOTHING_TO_PLAN
  PASS: goal rong -> MISSING_GOAL
  PASS: Thu tu dao nguoc [B, A] -> INVALID_STAGE_ORDER
  PASS: Chon trung [A, A, B] -> DUPLICATE_STAGE_SELECTION
  PASS: Chon nguon r2 khong thuoc chang A -> RESOURCE_NOT_IN_STAGE

--- Section 3: generatePlan invariants ---
  PASS: generatePlan tra ok: true voi draft hop le
  PASS: Tong phut tasks bang tong phut tat ca work
  PASS: Doan <= 120 phut (work 200 phut bi chia)
  PASS: work 200 phut tao ra 2 chunks voi segment dung
  PASS: work <= 120 phut -> segment = null
  PASS: hoursPerWeek = 20 -> tat ca task vao tuan 0
  PASS: dayIndex luon la null
  PASS: Thu tu task: stage A truoc B
  PASS: Tat ca task status = todo
  PASS: generatePlan that bai voi draft loi -> ok: false
  PASS: Plan.history = [] khi moi tao

--- Section 4: regeneratePlan ---
  PASS: regeneratePlan giu task ID neu workId/revision/segment khop
  PASS: regeneratePlan day oldPlan.current vao history
  PASS: regeneratePlan giu status/completionId/notes cua task da khop
  PASS: regeneratePlan dua customized task vao backlog
  PASS: regeneratePlan that bai voi draft loi
  PASS: regeneratePlan khong mutate plan cu (pure function)
  PASS: generatePlan va regeneratePlan tao snapshot doc lap cho selectedStageIds/knownStageIds

--- Section 5: Cau truc noi dung Mobile ---
  PASS: mobilePack schemaVersion = 1
  PASS: mobilePack co 4 tracks
  PASS: Co track mobile.android
  PASS: Co track mobile.ios
  PASS: Co track mobile.flutter
  PASS: Co track mobile.react-native
  PASS: Moi stageId trong track ton tai trong stages
  PASS: Moi defaultResourceId thuoc resourceIds
  PASS: Moi resourceId ton tai trong resources
  PASS: Moi prerequisite cua stage ton tai
  PASS: Prerequisite xep truoc trong moi track mobile
  PASS: Moi work co minutes > 0 va revision > 0
  PASS: Moi resource URL dung https
  PASS: Moi track co portfolio va roadmapLinks
  PASS: generatePlan chay duoc voi mobile.android (2 chang dau khong tien quyet)

--- Section 6: Cau truc noi dung Game ---
  PASS: gamePack schemaVersion = 1
  PASS: gamePack co 3 tracks
  PASS: Co track game.unity
  PASS: Co track game.unreal
  PASS: Co track game.godot
  PASS: Moi stageId trong track ton tai
  PASS: Moi defaultResourceId thuoc resourceIds
  PASS: Moi resourceId ton tai trong resources
  PASS: Moi prerequisite cua stage ton tai
  PASS: Prerequisite xep truoc trong moi track game
  PASS: Moi work co minutes > 0 va revision > 0
  PASS: Moi resource URL dung https
  PASS: Moi track co portfolio va roadmapLinks
  PASS: generatePlan chay duoc voi game.godot (git + gdscript)
  PASS: 30/120/121/300 minutes preserve exact segments at 2 and 20 hours
  PASS: Empty work and invalid minutes fail without allocating IDs
  PASS: Fractional/NaN hours, foreign known IDs and stale sources fail
  PASS: Prerequisite order is checked independently of track ordering
  PASS: Already-known prerequisites do not need their own prerequisites selected
  PASS: Monday proposal handles leap dates, year boundaries and invalid input
  PASS: Generated tasks and content have independent nested snapshots
  PASS: Regeneration preserves ledger once, closed weeks, notes and snapshot isolation
  PASS: Changed revision or work identity does not inherit completion
  PASS: Customized and manually added work survive a track change without duplicate template
  PASS: Migrated [0, minutes] segments match unsegmented unchanged template
  PASS: Two generated plans do not overwrite or share mutable data
  PASS: Backend + Mobile + Game IDs are globally unique and references resolve
  PASS: backend.node: full track, 2 hours, ordering/minutes/identity
  PASS: backend.node: full track, 20 hours, ordering/minutes/identity
  PASS: backend.node: every offered source generates a full plan with the correct snapshot
  PASS: backend.node: required-only draft is valid; all-known draft is rejected
  PASS: backend.python: full track, 2 hours, ordering/minutes/identity
  PASS: backend.python: full track, 20 hours, ordering/minutes/identity
  PASS: backend.python: every offered source generates a full plan with the correct snapshot
  PASS: backend.python: required-only draft is valid; all-known draft is rejected
  PASS: backend.java: full track, 2 hours, ordering/minutes/identity
  PASS: backend.java: full track, 20 hours, ordering/minutes/identity
  PASS: backend.java: every offered source generates a full plan with the correct snapshot
  PASS: backend.java: required-only draft is valid; all-known draft is rejected
  PASS: mobile.android: full track, 2 hours, ordering/minutes/identity
  PASS: mobile.android: full track, 20 hours, ordering/minutes/identity
  PASS: mobile.android: every offered source generates a full plan with the correct snapshot
  PASS: mobile.android: required-only draft is valid; all-known draft is rejected
  PASS: mobile.ios: full track, 2 hours, ordering/minutes/identity
  PASS: mobile.ios: full track, 20 hours, ordering/minutes/identity
  PASS: mobile.ios: every offered source generates a full plan with the correct snapshot
  PASS: mobile.ios: required-only draft is valid; all-known draft is rejected
  PASS: mobile.flutter: full track, 2 hours, ordering/minutes/identity
  PASS: mobile.flutter: full track, 20 hours, ordering/minutes/identity
  PASS: mobile.flutter: every offered source generates a full plan with the correct snapshot
  PASS: mobile.flutter: required-only draft is valid; all-known draft is rejected
  PASS: mobile.react-native: full track, 2 hours, ordering/minutes/identity
  PASS: mobile.react-native: full track, 20 hours, ordering/minutes/identity
  PASS: mobile.react-native: every offered source generates a full plan with the correct snapshot
  PASS: mobile.react-native: required-only draft is valid; all-known draft is rejected
  PASS: game.unity: full track, 2 hours, ordering/minutes/identity
  PASS: game.unity: full track, 20 hours, ordering/minutes/identity
  PASS: game.unity: every offered source generates a full plan with the correct snapshot
  PASS: game.unity: required-only draft is valid; all-known draft is rejected
  PASS: game.unreal: full track, 2 hours, ordering/minutes/identity
  PASS: game.unreal: full track, 20 hours, ordering/minutes/identity
  PASS: game.unreal: every offered source generates a full plan with the correct snapshot
  PASS: game.unreal: required-only draft is valid; all-known draft is rejected
  PASS: game.godot: full track, 2 hours, ordering/minutes/identity
  PASS: game.godot: full track, 20 hours, ordering/minutes/identity
  PASS: game.godot: every offered source generates a full plan with the correct snapshot
  PASS: game.godot: required-only draft is valid; all-known draft is rejected
  PASS: Reviewed Mobile/Game sources have real review dates; retired/fake credentials are not offered

=== Ket qua: 123 PASS, 0 FAIL ===

Content under review: 4 packs, 8 tracks, 39 unique stages, 37 resources, 78 work items; dependencies: 14 registered pack(s).
PASS TC01 done / repeated done / undo / repeated undo / redo
PASS TC02 clock: real calendar, offset, timezone, midnight, leap year and DST
PASS TC03 rejects duplicate, malformed and throwing ID factories
PASS TC04 invalid task, status and completion relationships
PASS TC05 undo preserves legacy unknown dates and rejects backwards clock
PASS TC06 edit title / requirements / minutes sets sticky customized; notes / schedule do not
PASS TC07 edit validates all fields and rejects metadata injection
PASS TC08 add custom task; ID, stage, field and closed destination validation
PASS TC09 move done / backlog / move back preserves provenance and completion dates
PASS TC10 editing completed estimate does not rewrite historical completion minutes
PASS TC11 move_next chooses next OPEN week; snapshot precedes movement
PASS TC12-move_next unfinished handling and repeated close
PASS TC12-move_backlog unfinished handling and repeated close
PASS TC12-skip unfinished handling and repeated close
PASS TC13 closed origin and destination reject edit, completion and moves
PASS TC14 close validates index/action, empty week and index overflow
PASS TC15 stats exclude skipped, include backlog exactly once, empty and overtime
PASS TC16 snapshot and history immutable across edit/done/undo; no double count
PASS TC17 archived plan read-only, history-only task not editable
PASS TC18 caller patch/input references cannot mutate returned plan
PASS CONTENT01 all four packs + registered dependencies: IDs, DAG, references, order, work and portfolios
PASS CONTENT02 resource and credential metadata match official-page evidence
PASS CONTENT03 cross-pack sharing: foundations, default sources and prerequisite closure
PASS CONTENT04 branch-specific content + cost/hardware/API and optional credentials
PASS CONTENT05 guard detects duplicate definitions across packs
PASS CONTENT06 guard detects missing dependency and cycles
PASS CONTENT07 guard detects invalid order and omitted prerequisites
PASS CONTENT08 guard detects missing source and invalid default
PASS CONTENT09 guard detects invalid minutes and empty acceptance
PASS CONTENT10 guard detects missing credential, foreign track path and repeated track stage
PASS UI01 form parsing validates and normalizes user input
PASS UI02 sparse week list and snapshot display never duplicate/mutate tasks
PASS UI03 readonly includes closed weeks, archived plans and history
PASS UI04 form roundtrip keeps ID, source and completion when editing schedule
PASS UI05 server render empty/loading/load-error and missing selection states
PASS UI06 server render controlled plan, navigation, overtime and source snapshot
PASS UI07 archived render hides mutation buttons and disables completion
PASS UI08 source links are escaped and unsafe URLs are not rendered as links
PASS UI09 week edit with temporary blank preserves all seven weekdays and task identity
PASS UI10 committing blank week clears backlog day; cancel/invalid input leave plan unchanged
PASS UI11 fixture loads the same Vietnamese-capable fonts as the app entry
41/41 tests passed
PASS TC-R01 customized duration preserves segment and completion through JSON round trip
PASS TC-R02 incomplete draft does not block profile or valid plan persistence validation
PASS TC-V01 malformed unknown and sparse arrays
PASS TC-V02 schema and backup versions
PASS TC-V03 types, enums and numeric boundaries
PASS TC-V04 real dates, Monday, timezone and localDate
PASS TC-V05 UUID uniqueness and active plan
PASS TC-V06 safe source URLs
PASS TC-V07 current task and ledger relations
PASS TC-V08 immutable historical done survives later undo
PASS TC-V09 closed week totals and duplicate indices
PASS TC-V10 generation, segment, backlog and import relations
PASS TC-V11 removed catalog preserves plan/history and draft
PASS TC-V12 backup round trip, frozen data and known catalog errors
PASS TC-A01 empty activity
PASS TC-A02 archived and repeated snapshots count ledger once
PASS TC-A03 done undo done again
PASS TC-A04 legacy completion has no fabricated date
PASS TC-A05 original timezone survives profile change
PASS TC-A06 no input mutation and sorted days
PASS TC-P02 profile validation and empty name policy
PASS TC-C01 analyst.spreadsheet content/dependencies
PASS TC-C02 analyst.pandas content/dependencies
PASS TC-C03 bi.powerbi content/dependencies
PASS TC-C04 bi.tableau content/dependencies
PASS TC-C05 engineer.batch content/dependencies
PASS TC-C06 engineer.streaming content/dependencies
PASS TC-C07 business-analyst.software-ba content/dependencies
PASS TC-C08 business-analyst.data-ba content/dependencies
PASS Content metadata and track-specific coverage
PASS 30 groups; 8 tracks, 29 owned stages, 43 exercises. V2 integration is not tested.
PASS Không có nguồn: null, không defaults
PASS Raw/unknown work/source/credential và phút/tuần giữ nguyên
PASS Done thiếu timestamp: cảnh báo, không bịa ngày
PASS Timestamp thực giữ nguyên
PASS SHA256 ổn định theo raw, đổi khi raw đổi
PASS JSON lỗi không thay defaults
PASS Version tương lai bị từ chối
PASS Null/mảng/object thiếu trường/empty bị từ chối
PASS Task lỗi: từ chối cả nguồn, không lọc
PASS ID task trùng bị từ chối
PASS Ngày sai và timestamp thiếu timezone bị từ chối
PASS PlanMeta độc lập với draft
PASS PlanMeta chưa có: giữ nguyên, cảnh báo
PASS Extra fields không bị xóa
PASS Reader chỉ đọc đúng key v1
PASS Reader throw trả storage, không defaults
PASS Preview khớp template: maps thật, segment nguyên bài và không chia lại
PASS Title/phút sửa: customized, segment null, không reset template
PASS Unknown module/work giữ nguyên title/phút/tuần/notes
PASS Nguồn thiếu không loại bỏ task, giữ ID nguồn trong notes/raw
PASS Done thiếu timestamp: completion null ngày/timezone
PASS Timestamp thực giữ, ngày tính theo timezone preview
PASS Plan khác draft giữ track/mục tiêu/quỹ giờ riêng
PASS PlanMeta thiếu: chặn plan cho tới khi chọn rõ bối cảnh
PASS Không có tasks: không dựng plan mặc định
PASS Ngày không Thứ Hai giữ nguyên và cảnh báo chặn, không tự dời lịch
PASS Nháp thiếu prerequisite không được tự thêm/đánh dấu biết
PASS Unmapped selection/source/credential có inventory và raw
PASS ID factory lỗi/trùng và clock/timezone lỗi trả validation
PASS Preview không sửa input, sửa output không ảnh hưởng preview kế tiếp
PASS Prepare không ghi; caller sửa candidate không đổi bản riêng
PASS Cancel không ghi và vô hiệu ticket
PASS Confirm lưu plan và fingerprint cùng revision; giữ nguồn/profile
PASS Fingerprint đã nhập không tạo plan hoặc save thứ hai
PASS Hai controller: tab sau nhận marker đã nhập, không ghi trùng
PASS Lỗi save giữ IDs; retry chỉ tạo một plan
PASS Save pending không success sớm; chặn confirm/cancel/prepare
PASS Workspace đổi revision: giữ đề xuất, không ghi đè
PASS Nguồn đổi sau preview chặn confirm
PASS Nguồn đổi khi prepare: không phát ticket cũ
PASS Nguồn đổi khi commit: báo changed, giữ raw đã chuyển
PASS Đọc nguồn lỗi sau commit: báo unreadable, không giả rollback
PASS Workspace có dữ liệu yêu cầu append rõ; giữ active/history/draft
PASS Factory trùng ID workspace bị chặn trước save
PASS Unmapped draft/credential chặn; bỏ nhập phải chọn rõ, nguồn còn nguyên
PASS Profile/preferences chỉ nhập khi chọn rõ
PASS Validator throw được trả lỗi, không ghi
PASS Không nguồn hoặc reader lỗi không tạo defaults
PASS Preview mới vô hiệu ticket trước đó
PASS Backup round trip giữ toàn workspace và không sửa đầu vào
PASS Export bản chưa lưu dùng snapshot cung cấp, có nhãn rõ
PASS Backup JSON/format/version hỏng bị từ chối
PASS Export clock lỗi và workspace lỗi không dựng defaults
PASS Import dùng revision thiết bị, giữ profile/preferences/mục tiêu mặc định
PASS Duplicate mặc định skip, không ghi hay tăng revision
PASS Copy remap current/history/closed snapshots/completion và marker
PASS Nested ID collision yêu cầu copy rõ, không tự đổi ID
PASS Factory copy UUID lỗi/trùng bị từ chối
PASS Nhập profile/preferences/draft/credential phải chọn rõ; draft hiện có giữ
PASS Import cancel không ghi; ticket hết hiệu lực
PASS Import caller tamper không thay candidate riêng
PASS Import storage failure giữ bản copy/IDs để retry và xuất
PASS Import revision conflict giữ bản đề xuất, không ghi đè
PASS Import pending chặn double submit và cancel; không success sớm
PASS Backup validator throw và lựa chọn sai không ghi
PASS Nội dung đúng 4 pack / 10 track được giao, review chưa ready
PASS ID stage/resource/work/credential không trùng với nền tảng Backend
PASS Bài thực hành có thời lượng/chấp nhận cụ thể, không placeholder
PASS Nguồn mới có provider/điều kiện/ngày mở riêng; URL an toàn không trùng
PASS Portfolio và chứng nhận có yêu cầu/phí rõ, không Postman badge đã đóng
PASS devops.devops: resolver giữ đủ nền tảng/tiên quyết và nguồn
PASS devops.devops: planner 2h/20h giữ tổng phút, tuần đúng quỹ và source
PASS devops.sre: resolver giữ đủ nền tảng/tiên quyết và nguồn
PASS devops.sre: planner 2h/20h giữ tổng phút, tuần đúng quỹ và source
PASS network.network: resolver giữ đủ nền tảng/tiên quyết và nguồn
PASS network.network: planner 2h/20h giữ tổng phút, tuần đúng quỹ và source
PASS network.automation: resolver giữ đủ nền tảng/tiên quyết và nguồn
PASS network.automation: planner 2h/20h giữ tổng phút, tuần đúng quỹ và source
PASS security.soc: resolver giữ đủ nền tảng/tiên quyết và nguồn
PASS security.soc: planner 2h/20h giữ tổng phút, tuần đúng quỹ và source
PASS security.appsec: resolver giữ đủ nền tảng/tiên quyết và nguồn
PASS security.appsec: planner 2h/20h giữ tổng phút, tuần đúng quỹ và source
PASS security.devsecops: resolver giữ đủ nền tảng/tiên quyết và nguồn
PASS security.devsecops: planner 2h/20h giữ tổng phút, tuần đúng quỹ và source
PASS qa.manual: resolver giữ đủ nền tảng/tiên quyết và nguồn
PASS qa.manual: planner 2h/20h giữ tổng phút, tuần đúng quỹ và source
PASS qa.playwright: resolver giữ đủ nền tảng/tiên quyết và nguồn
PASS qa.playwright: planner 2h/20h giữ tổng phút, tuần đúng quỹ và source
PASS qa.postman: resolver giữ đủ nền tảng/tiên quyết và nguồn
PASS qa.postman: planner 2h/20h giữ tổng phút, tuần đúng quỹ và source
PASS Chọn chặng nâng cao thiếu tiên quyết bị chặn, không tự đánh dấu đã biết
91 PASS / 0 FAIL — persistence/migration/backup unit tests và 10 track isolated resolver/planner; native/semantic/UI có minh chứng riêng.
